<?xml version="1.0" encoding="utf-8"?><testsuites name="pytest tests"><testsuite name="pytest" errors="0" failures="0" skipped="0" tests="98" time="16.435" timestamp="2026-09-23T13:50:34.679795+05:30" hostname="SR"><testcase classname="tests.test_app" name="test_workspace[CONTROL TOWER]" time="1.085" /><testcase classname="tests.test_app" name="test_workspace[AVAILABILITY]" time="0.200" /><testcase classname="tests.test_app" name="test_workspace[INVENTORY]" time="0.175" /><testcase classname="tests.test_app" name="test_workspace[PROFITABILITY]" time="0.183" /><testcase classname="tests.test_app" name="test_workspace[STORE OPERATIONS]" time="0.164" /><testcase classname="tests.test_app" name="test_workspace[DEMAND]" time="0.171" /><testcase classname="tests.test_app" name="test_workspace[DELIVERY]" time="0.202" /><testcase classname="tests.test_app" name="test_workspace[PROMOTIONS]" time="0.160" /><testcase classname="tests.test_app" name="test_workspace[OPPORTUNITIES]" time="0.145" /><testcase classname="tests.test_app" name="test_workspace[SCENARIO LAB]" time="0.147" /><testcase classname="tests.test_app" name="test_workspace[ACTION CENTER]" time="0.144" /><testcase classname="tests.test_app" name="test_workspace[DATA EXPLORER]" time="0.185" /><testcase classname="tests.test_app" name="test_workspace[FORECASTING]" time="0.169" /><testcase classname="tests.test_app" name="test_workspace[METHODOLOGY]" time="0.141" /><testcase classname="tests.test_app" name="test_city_store_product_drilldown" time="1.439" /><testcase classname="tests.test_app" name="test_empty_city" time="0.377" /><testcase classname="tests.test_app" name="test_scenario_controls" time="0.295" /><testcase classname="tests.test_app" name="test_forecast_horizon" time="0.322" /><testcase classname="tests.test_app" name="test_forecast_insufficient_history" time="0.297" /><testcase classname="tests.test_app" name="test_explorer_search" time="0.610" /><testcase classname="tests.test_app" name="test_download_present" time="0.154" /><testcase classname="tests.test_app" name="test_live_controls" time="1.130" /><testcase classname="tests.test_engines" name="test_generation_count" time="0.266" /><testcase classname="tests.test_engines" name="test_generation_reproducible" time="0.325" /><testcase classname="tests.test_engines" name="test_relational_validation" time="0.021" /><testcase classname="tests.test_engines" name="test_dirty_detected" time="0.018" /><testcase classname="tests.test_engines" name="test_cleaning_restores" time="0.057" /><testcase classname="tests.test_engines" name="test_cleaning_idempotent" time="0.070" /><testcase classname="tests.test_engines" name="test_adversarial_rejection[orphan]" time="0.020" /><testcase classname="tests.test_engines" name="test_adversarial_rejection[quantity]" time="0.020" /><testcase classname="tests.test_engines" name="test_adversarial_rejection[negative_inventory]" time="0.019" /><testcase classname="tests.test_engines" name="test_adversarial_rejection[price]" time="0.021" /><testcase classname="tests.test_engines" name="test_adversarial_rejection[timestamp]" time="0.020" /><testcase classname="tests.test_engines" name="test_adversarial_rejection[status]" time="0.020" /><testcase classname="tests.test_engines" name="test_adversarial_rejection[missing_snapshot]" time="0.020" /><testcase classname="tests.test_engines" name="test_adversarial_rejection[negative_cost]" time="0.020" /><testcase classname="tests.test_engines" name="test_adversarial_rejection[duplicate]" time="0.017" /><testcase classname="tests.test_engines" name="test_inventory_quantity_reconciliation" time="0.001" /><testcase classname="tests.test_engines" name="test_substitution_consumes_replacement" time="0.014" /><testcase classname="tests.test_engines" name="test_kpi_empty" time="0.015" /><testcase classname="tests.test_engines" name="test_gross_profit" time="0.004" /><testcase classname="tests.test_engines" name="test_contribution" time="0.005" /><testcase classname="tests.test_engines" name="test_allocated_costs" time="0.002" /><testcase classname="tests.test_engines" name="test_group_totals" time="0.030" /><testcase classname="tests.test_engines" name="test_lost_revenue" time="0.003" /><testcase classname="tests.test_engines" name="test_extreme_fulfillment[0]" time="0.005" /><testcase classname="tests.test_engines" name="test_extreme_fulfillment[1]" time="0.005" /><testcase classname="tests.test_engines" name="test_zero_revenue" time="0.005" /><testcase classname="tests.test_engines" name="test_zero_discounts" time="0.005" /><testcase classname="tests.test_engines" name="test_extreme_delivery_cost" time="0.005" /><testcase classname="tests.test_engines" name="test_zero_margin" time="0.005" /><testcase classname="tests.test_engines" name="test_zero_order_generation" time="0.277" /><testcase classname="tests.test_engines" name="test_inventory_no_demand" time="0.028" /><testcase classname="tests.test_engines" name="test_inventory_missing_graceful" time="0.001" /><testcase classname="tests.test_engines" name="test_reorder_formula" time="0.028" /><testcase classname="tests.test_engines" name="test_risk_zero_stock" time="0.032" /><testcase classname="tests.test_engines" name="test_risk_overstock" time="0.032" /><testcase classname="tests.test_engines" name="test_actions_evidence" time="0.076" /><testcase classname="tests.test_engines" name="test_forecast_constant[Naive]" time="0.001" /><testcase classname="tests.test_engines" name="test_forecast_constant[Moving average]" time="0.001" /><testcase classname="tests.test_engines" name="test_forecast_constant[Exponential smoothing]" time="0.001" /><testcase classname="tests.test_engines" name="test_forecast_constant[Seasonal naive]" time="0.001" /><testcase classname="tests.test_engines" name="test_forecast_metrics" time="0.001" /><testcase classname="tests.test_engines" name="test_forecast_zero_actual" time="0.001" /><testcase classname="tests.test_engines" name="test_no_test_leakage" time="0.009" /><testcase classname="tests.test_engines" name="test_forecast_intervals" time="0.005" /><testcase classname="tests.test_engines" name="test_short_forecast_rejected" time="0.001" /><testcase classname="tests.test_engines" name="test_scenario_baseline" time="0.005" /><testcase classname="tests.test_engines" name="test_scenario_zero_demand" time="0.005" /><testcase classname="tests.test_engines" name="test_scenario_discount" time="0.005" /><testcase classname="tests.test_engines" name="test_scenario_high_demand" time="0.008" /><testcase classname="tests.test_engines" name="test_scenario_delivery_only" time="0.004" /><testcase classname="tests.test_engines" name="test_scenario_inventory_daily" time="0.005" /><testcase classname="tests.test_engines" name="test_invalid_scenario" time="0.005" /><testcase classname="tests.test_engines" name="test_sql_reconciliation" time="0.105" /><testcase classname="tests.test_engines" name="test_all_sql_queries" time="0.115" /><testcase classname="tests.test_engines" name="test_promotion_no_exposure" time="0.010" /><testcase classname="tests.test_engines" name="test_inr_format" time="0.001" /><testcase classname="tests.test_engines" name="test_missing_delivery_rejected" time="0.019" /><testcase classname="tests.test_engines" name="test_positive_but_wrong_cogs_rejected" time="0.020" /><testcase classname="tests.test_engines" name="test_zero_requested_quantity_rejected" time="0.020" /><testcase classname="tests.test_foundation.ConfigurationFoundationTests" name="test_decimal_rounding" time="0.001" /><testcase classname="tests.test_foundation.ConfigurationFoundationTests" name="test_empty_denominator" time="0.001" /><testcase classname="tests.test_foundation.ConfigurationFoundationTests" name="test_indian_grouping" time="0.001" /><testcase classname="tests.test_foundation.ConfigurationFoundationTests" name="test_negative_value" time="0.001" /><testcase classname="tests.test_foundation.ConfigurationFoundationTests" name="test_undefined_currency" time="0.001" /><testcase classname="tests.test_foundation.ConfigurationFoundationTests" name="test_valid_ratio" time="0.001" /><testcase classname="tests.test_live" name="test_pause_blocks" time="0.460" /><testcase classname="tests.test_live" name="test_speed" time="0.482" /><testcase classname="tests.test_live" name="test_duplicate_batch" time="0.529" /><testcase classname="tests.test_live" name="test_reset_preserves_history" time="0.589" /><testcase classname="tests.test_live" name="test_live_inventory_balance" time="0.498" /><testcase classname="tests.test_live" name="test_live_same_kpis" time="0.487" /><testcase classname="tests.test_live" name="test_invalid_speed" time="0.458" /><testcase classname="tests.test_live" name="test_live_zero_inventory" time="0.559" /><testcase classname="tests.test_live" name="test_live_fk_rejects" time="0.472" /><testcase classname="tests.test_live" name="test_event_timestamps" time="0.478" /><testcase classname="tests.test_live" name="test_invalid_event_batch" time="0.461" /></testsuite></testsuites>